---
source: tests/std140.rs
expression: "<<PaddingAtEnd as AsStd140>::Std140Type as TypeLayout>::type_layout()"

---
name: Std140PaddingAtEnd
size: 20
alignment: 4
fields:
  - Field:
      name: _PaddingAtEnd__base_value__Std140__align
      ty: "[u8 ; _PaddingAtEnd__base_value__Std140__align()]"
      size: 0
  - Field:
      name: base_value
      ty: "< PrimitiveF32 as :: crevice :: std140 :: AsStd140 > :: Std140Type"
      size: 8
  - Field:
      name: _PaddingAtEnd__small_field__Std140__align
      ty: "[u8 ; _PaddingAtEnd__small_field__Std140__align()]"
      size: 8
  - Field:
      name: small_field
      ty: "< f32 as :: crevice :: std140 :: AsStd140 > :: Std140Type"
      size: 4

