---
source: tests/std140.rs
expression: "<<HasArraysInIt as AsStd140>::Std140Type as TypeLayout>::type_layout()"

---
name: Std140HasArraysInIt
size: 464
alignment: 8
fields:
  - Field:
      name: _of_primitives_align
      ty: "[u8 ; Std140HasArraysInItAlignment :: _of_primitives_align()]"
      size: 0
  - Field:
      name: of_primitives
      ty: "< [f32 ; 4] as :: crevice :: std140 :: AsStd140 > :: Std140Type"
      size: 64
  - Field:
      name: _of_vec3_align
      ty: "[u8 ; Std140HasArraysInItAlignment :: _of_vec3_align()]"
      size: 0
  - Field:
      name: of_vec3
      ty: "< [mint :: Vector3 < f32 > ; 5] as :: crevice :: std140 :: AsStd140 > ::\nStd140Type"
      size: 80
  - Field:
      name: _of_large_alignment_align
      ty: "[u8 ; Std140HasArraysInItAlignment :: _of_large_alignment_align()]"
      size: 16
  - Field:
      name: of_large_alignment
      ty: "< [mint :: Vector4 < f64 > ; 6] as :: crevice :: std140 :: AsStd140 > ::\nStd140Type"
      size: 192
  - Field:
      name: _of_structs_align
      ty: "[u8 ; Std140HasArraysInItAlignment :: _of_structs_align()]"
      size: 0
  - Field:
      name: of_structs
      ty: "< [PaddedByStdButNotRust ; 7] as :: crevice :: std140 :: AsStd140 > ::\nStd140Type"
      size: 112

